[32mrpg[0m
[33mhttp://www.reddit.com/r/rpg/comments/1jw8izz/z/mmrqpki[0m
[35mPaizo Posts an Update on the Progress of the Companyâ€™s New Website and Store[0m
[34mabout 2 months ago[0m [36mâ€¢[0m [34m+1[0m

Last time I tried to buy something from their store, the payment confirmation
page wouldn't load and I was unable to buy anything. So if they fix that, it'll
be a big upgrade. _Goodman Games_ had a better online store experience than
Paizo, and that's saying something.
