[32mmothershiprpg[0m How easy is it to adapt a Mothership 0e adventure to Mothership 1e?
