[32mrpg[0m
[33mhttps://www.reddit.com/r/rpg/comments/1hv9k9l[0m
[35mCollections: Coinage and the Tyranny of Fantasy "Gold"[0m
[34m4 months ago[0m
https://acoup.blog/2025/01/03/collections-coinage-and-the-tyranny-of-fantasy-gold/
