[32mrpg[0m Collections: Coinage and the Tyranny of Fantasy "Gold"
