rpg                   51
DiscoElysium          31
sanfrancisco           5
movies                 2
nealstephenson         2
UnresolvedMysteries    2
worldbuilding          2
cyphersystem           1
French                 1
MicrobrandWatches      1
wikipedia              1
worldnews              1
