cyphersystem           1
DiscoElysium          31
French                 1
MicrobrandWatches      1
movies                 2
nealstephenson         2
rpg                   51
sanfrancisco           5
UnresolvedMysteries    2
wikipedia              1
worldbuilding          2
worldnews              1
