sanfrancisco         14
Python                8
books                 6
apple                 5
foreignservice        5
worldnews             5
writing               5
Games                 4
short                 4
swift                 4
webdev                4
scala                 3
vim                   3
django                2
Guitar                2
movies                2
rpg                   2
ABoringDystopia       1
basspedals            1
CARROTweather         1
Clojure               1
commandline           1
CortexRPG             1
cyphersystem          1
DestinyTheGame        1
DnD                   1
DungeonsAndDragons    1
French                1
guitarpedals          1
masseffect            1
mothershiprpg         1
nealstephenson        1
NoMansSkyTheGame      1
numenera              1
offset                1
ruby                  1
ShareYourSheps        1
technology            1
wikipedia             1
