Created: Mar 31, 2008 15:55 PM (17 years ago)
Link Karma: 11729
Comment Karma: 121995
